// Jest Snapshot v1, https://goo.gl/fbAQLP

exports[`<LinkedInModal /> render correctly 1`] = `
<View>
  <View
    accessibilityComponentType={undefined}
    accessibilityLabel={undefined}
    accessibilityTraits={undefined}
    accessible={true}
    collapsable={undefined}
    hitSlop={undefined}
    isTVSelectable={true}
    nativeID={undefined}
    onLayout={undefined}
    onResponderGrant={[Function]}
    onResponderMove={[Function]}
    onResponderRelease={[Function]}
    onResponderTerminate={[Function]}
    onResponderTerminationRequest={[Function]}
    onStartShouldSetResponder={[Function]}
    style={
      Object {
        "opacity": 1,
      }
    }
    testID={undefined}
    tvParallaxProperties={undefined}
  >
    <Text
      accessible={true}
      allowFontScaling={true}
      disabled={false}
      ellipsizeMode="tail"
    >
      Login with LinkedIn
    </Text>
  </View>
  <Modal
    animationType="fade"
    hardwareAccelerated={false}
    onRequestClose={[Function]}
    transparent={true}
    visible={false}
  >
    <View
      style={
        Array [
          Object {
            "backgroundColor": "rgba(0, 0, 0, 0.5)",
            "flex": 1,
            "paddingHorizontal": 10,
            "paddingVertical": 40,
          },
          Object {},
        ]
      }
    >
      <View
        style={
          Array [
            Object {
              "borderColor": "rgba(0, 0, 0, 0.6)",
              "borderRadius": 5,
              "borderWidth": 10,
              "flex": 1,
            },
            Object {},
          ]
        }
      />
      <View
        accessibilityComponentType={undefined}
        accessibilityLabel={undefined}
        accessibilityTraits={undefined}
        accessible={true}
        collapsable={undefined}
        hitSlop={undefined}
        isTVSelectable={true}
        nativeID={undefined}
        onLayout={undefined}
        onResponderGrant={[Function]}
        onResponderMove={[Function]}
        onResponderRelease={[Function]}
        onResponderTerminate={[Function]}
        onResponderTerminationRequest={[Function]}
        onStartShouldSetResponder={[Function]}
        style={
          Object {
            "alignItems": "center",
            "backgroundColor": "#000",
            "borderColor": "rgba(0, 0, 0, 0.4)",
            "borderRadius": 12,
            "borderWidth": 2,
            "height": 24,
            "justifyContent": "center",
            "opacity": 1,
            "position": "absolute",
            "right": 5,
            "top": 35,
            "width": 24,
          }
        }
        testID={undefined}
        tvParallaxProperties={undefined}
      >
        <Image
          resizeMode="contain"
          source={1}
        />
      </View>
    </View>
  </Modal>
</View>
`;
